// Vitest Snapshot v1, https://vitest.dev/guide/snapshot.html

exports[`App > navigates to page 1`] = `
<DocumentFragment>
  <header
    class="jsx-2837859311 sc-dhKdPU klBWsW"
  />
  <div
    class="content"
    id="app"
  >
    <div>
      <button
        aria-label="Back"
        class="MuiButtonBase-root MuiIconButton-root sc-gEvDqW sc-eqUzNf hwoczq haqPoX MuiIconButton-colorSecondary"
        data-test="page-header-back"
        tabindex="0"
        type="button"
      >
        <span
          class="MuiIconButton-label"
        >
          <span
            aria-hidden="true"
            class="material-icons MuiIcon-root MuiIcon-colorPrimary"
          >
            arrow_back
          </span>
        </span>
        <span
          class="MuiTouchRipple-root"
        />
      </button>
      <h5
        class="MuiTypography-root sc-aYaIB hZQTlr MuiTypography-h5 MuiTypography-gutterBottom"
        data-test="page-header-title"
      >
        Detail page
      </h5>
    </div>
    <h2
      class="sc-fqkwJk lcQFEV"
    >
      Hello John
    </h2>
  </div>
</DocumentFragment>
`;
